Archive member included to satisfy reference by file (symbol)

e:/stm32/ac6/plugins/fr.ac6.mcu.externaltools.arm-none.win32_1.16.0.201807130628/tools/compiler/bin/../lib/gcc/arm-none-eabi/7.2.1/thumb/v7e-m/fpv4-sp/hard\libgcc.a(_aeabi_uldivmod.o)
                              Drivers/STM32F4xx_HAL_Driver/Src/stm32f4xx_hal_rcc.o (__aeabi_uldivmod)
e:/stm32/ac6/plugins/fr.ac6.mcu.externaltools.arm-none.win32_1.16.0.201807130628/tools/compiler/bin/../lib/gcc/arm-none-eabi/7.2.1/thumb/v7e-m/fpv4-sp/hard\libgcc.a(_udivmoddi4.o)
                              e:/stm32/ac6/plugins/fr.ac6.mcu.externaltools.arm-none.win32_1.16.0.201807130628/tools/compiler/bin/../lib/gcc/arm-none-eabi/7.2.1/thumb/v7e-m/fpv4-sp/hard\libgcc.a(_aeabi_uldivmod.o) (__udivmoddi4)
e:/stm32/ac6/plugins/fr.ac6.mcu.externaltools.arm-none.win32_1.16.0.201807130628/tools/compiler/bin/../lib/gcc/arm-none-eabi/7.2.1/thumb/v7e-m/fpv4-sp/hard\libgcc.a(_dvmd_tls.o)
                              e:/stm32/ac6/plugins/fr.ac6.mcu.externaltools.arm-none.win32_1.16.0.201807130628/tools/compiler/bin/../lib/gcc/arm-none-eabi/7.2.1/thumb/v7e-m/fpv4-sp/hard\libgcc.a(_aeabi_uldivmod.o) (__aeabi_ldiv0)
e:/stm32/ac6/plugins/fr.ac6.mcu.externaltools.arm-none.win32_1.16.0.201807130628/tools/compiler/bin/../lib/gcc/arm-none-eabi/7.2.1/../../../../arm-none-eabi/lib/thumb/v7e-m/fpv4-sp/hard\libc_nano.a(lib_a-exit.o)
                              e:/stm32/ac6/plugins/fr.ac6.mcu.externaltools.arm-none.win32_1.16.0.201807130628/tools/compiler/bin/../lib/gcc/arm-none-eabi/7.2.1/../../../../arm-none-eabi/lib/thumb/v7e-m/fpv4-sp/hard/crt0.o (exit)
e:/stm32/ac6/plugins/fr.ac6.mcu.externaltools.arm-none.win32_1.16.0.201807130628/tools/compiler/bin/../lib/gcc/arm-none-eabi/7.2.1/../../../../arm-none-eabi/lib/thumb/v7e-m/fpv4-sp/hard\libc_nano.a(lib_a-impure.o)
                              e:/stm32/ac6/plugins/fr.ac6.mcu.externaltools.arm-none.win32_1.16.0.201807130628/tools/compiler/bin/../lib/gcc/arm-none-eabi/7.2.1/../../../../arm-none-eabi/lib/thumb/v7e-m/fpv4-sp/hard\libc_nano.a(lib_a-exit.o) (_global_impure_ptr)
e:/stm32/ac6/plugins/fr.ac6.mcu.externaltools.arm-none.win32_1.16.0.201807130628/tools/compiler/bin/../lib/gcc/arm-none-eabi/7.2.1/../../../../arm-none-eabi/lib/thumb/v7e-m/fpv4-sp/hard\libc_nano.a(lib_a-init.o)
                              e:/stm32/ac6/plugins/fr.ac6.mcu.externaltools.arm-none.win32_1.16.0.201807130628/tools/compiler/bin/../lib/gcc/arm-none-eabi/7.2.1/../../../../arm-none-eabi/lib/thumb/v7e-m/fpv4-sp/hard/crt0.o (__libc_init_array)
e:/stm32/ac6/plugins/fr.ac6.mcu.externaltools.arm-none.win32_1.16.0.201807130628/tools/compiler/bin/../lib/gcc/arm-none-eabi/7.2.1/../../../../arm-none-eabi/lib/thumb/v7e-m/fpv4-sp/hard\libc_nano.a(lib_a-memset.o)
                              e:/stm32/ac6/plugins/fr.ac6.mcu.externaltools.arm-none.win32_1.16.0.201807130628/tools/compiler/bin/../lib/gcc/arm-none-eabi/7.2.1/../../../../arm-none-eabi/lib/thumb/v7e-m/fpv4-sp/hard/crt0.o (memset)
e:/stm32/ac6/plugins/fr.ac6.mcu.externaltools.arm-none.win32_1.16.0.201807130628/tools/compiler/bin/../lib/gcc/arm-none-eabi/7.2.1/../../../../arm-none-eabi/lib/thumb/v7e-m/fpv4-sp/hard\libnosys.a(_exit.o)
                              e:/stm32/ac6/plugins/fr.ac6.mcu.externaltools.arm-none.win32_1.16.0.201807130628/tools/compiler/bin/../lib/gcc/arm-none-eabi/7.2.1/../../../../arm-none-eabi/lib/thumb/v7e-m/fpv4-sp/hard\libc_nano.a(lib_a-exit.o) (_exit)

Allocating common symbols
Common symbol       size              file

uwTick              0x4               Drivers/STM32F4xx_HAL_Driver/Src/stm32f4xx_hal.o
pFlash              0x20              Drivers/STM32F4xx_HAL_Driver/Src/stm32f4xx_hal_flash.o
hspi1               0x58              Src/main.o
hh                  0x1               ILI9341/ILI9341_Driver.o

Discarded input sections

 .text          0x00000000        0x0 e:/stm32/ac6/plugins/fr.ac6.mcu.externaltools.arm-none.win32_1.16.0.201807130628/tools/compiler/bin/../lib/gcc/arm-none-eabi/7.2.1/thumb/v7e-m/fpv4-sp/hard/crti.o
 .data          0x00000000        0x0 e:/stm32/ac6/plugins/fr.ac6.mcu.externaltools.arm-none.win32_1.16.0.201807130628/tools/compiler/bin/../lib/gcc/arm-none-eabi/7.2.1/thumb/v7e-m/fpv4-sp/hard/crti.o
 .bss           0x00000000        0x0 e:/stm32/ac6/plugins/fr.ac6.mcu.externaltools.arm-none.win32_1.16.0.201807130628/tools/compiler/bin/../lib/gcc/arm-none-eabi/7.2.1/thumb/v7e-m/fpv4-sp/hard/crti.o
 .data          0x00000000        0x4 e:/stm32/ac6/plugins/fr.ac6.mcu.externaltools.arm-none.win32_1.16.0.201807130628/tools/compiler/bin/../lib/gcc/arm-none-eabi/7.2.1/thumb/v7e-m/fpv4-sp/hard/crtbegin.o
 .text          0x00000000       0x74 e:/stm32/ac6/plugins/fr.ac6.mcu.externaltools.arm-none.win32_1.16.0.201807130628/tools/compiler/bin/../lib/gcc/arm-none-eabi/7.2.1/../../../../arm-none-eabi/lib/thumb/v7e-m/fpv4-sp/hard/crt0.o
[...]
Memory Configuration

Name             Origin             Length             Attributes
RAM              0x20000000         0x00020000         xrw
FLASH            0x08000000         0x00080000         xr
*default*        0x00000000         0xffffffff

Linker script and memory map

LOAD e:/stm32/ac6/plugins/fr.ac6.mcu.externaltools.arm-none.win32_1.16.0.201807130628/tools/compiler/bin/../lib/gcc/arm-none-eabi/7.2.1/thumb/v7e-m/fpv4-sp/hard/crti.o
LOAD e:/stm32/ac6/plugins/fr.ac6.mcu.externaltools.arm-none.win32_1.16.0.201807130628/tools/compiler/bin/../lib/gcc/arm-none-eabi/7.2.1/thumb/v7e-m/fpv4-sp/hard/crtbegin.o
LOAD e:/stm32/ac6/plugins/fr.ac6.mcu.externaltools.arm-none.win32_1.16.0.201807130628/tools/compiler/bin/../lib/gcc/arm-none-eabi/7.2.1/../../../../arm-none-eabi/lib/thumb/v7e-m/fpv4-sp/hard/crt0.o
LOAD Display/display.o
LOAD Drivers/STM32F4xx_HAL_Driver/Src/stm32f4xx_hal.o
LOAD Drivers/STM32F4xx_HAL_Driver/Src/stm32f4xx_hal_cortex.o
LOAD Drivers/STM32F4xx_HAL_Driver/Src/stm32f4xx_hal_dma.o
LOAD Drivers/STM32F4xx_HAL_Driver/Src/stm32f4xx_hal_dma_ex.o
LOAD Drivers/STM32F4xx_HAL_Driver/Src/stm32f4xx_hal_flash.o
LOAD Drivers/STM32F4xx_HAL_Driver/Src/stm32f4xx_hal_flash_ex.o
LOAD Drivers/STM32F4xx_HAL_Driver/Src/stm32f4xx_hal_flash_ramfunc.o
LOAD Drivers/STM32F4xx_HAL_Driver/Src/stm32f4xx_hal_gpio.o
LOAD Drivers/STM32F4xx_HAL_Driver/Src/stm32f4xx_hal_pwr.o
LOAD Drivers/STM32F4xx_HAL_Driver/Src/stm32f4xx_hal_pwr_ex.o
LOAD Drivers/STM32F4xx_HAL_Driver/Src/stm32f4xx_hal_rcc.o
LOAD Drivers/STM32F4xx_HAL_Driver/Src/stm32f4xx_hal_rcc_ex.o
LOAD Drivers/STM32F4xx_HAL_Driver/Src/stm32f4xx_hal_spi.o
LOAD Drivers/STM32F4xx_HAL_Driver/Src/stm32f4xx_hal_tim.o
LOAD Drivers/STM32F4xx_HAL_Driver/Src/stm32f4xx_hal_tim_ex.o
LOAD Drivers/STM32F4xx_HAL_Driver/Src/stm32f4xx_hal_uart.o
LOAD ILI9341/ILI9341_Driver.o
LOAD Src/main.o
LOAD Src/stm32f4xx_hal_msp.o
LOAD Src/stm32f4xx_it.o
LOAD Src/system_stm32f4xx.o
LOAD Touch/Touch.o
LOAD startup/startup_stm32f411xe.o
LOAD e:/stm32/ac6/plugins/fr.ac6.mcu.externaltools.arm-none.win32_1.16.0.201807130628/tools/compiler/bin/../lib/gcc/arm-none-eabi/7.2.1/../../../../arm-none-eabi/lib/thumb/v7e-m/fpv4-sp/hard\libm.a
START GROUP
LOAD e:/stm32/ac6/plugins/fr.ac6.mcu.externaltools.arm-none.win32_1.16.0.201807130628/tools/compiler/bin/../lib/gcc/arm-none-eabi/7.2.1/thumb/v7e-m/fpv4-sp/hard\libgcc.a
LOAD e:/stm32/ac6/plugins/fr.ac6.mcu.externaltools.arm-none.win32_1.16.0.201807130628/tools/compiler/bin/../lib/gcc/arm-none-eabi/7.2.1/../../../../arm-none-eabi/lib/thumb/v7e-m/fpv4-sp/hard\libc_nano.a
END GROUP
START GROUP
LOAD e:/stm32/ac6/plugins/fr.ac6.mcu.externaltools.arm-none.win32_1.16.0.201807130628/tools/compiler/bin/../lib/gcc/arm-none-eabi/7.2.1/thumb/v7e-m/fpv4-sp/hard\libgcc.a
LOAD e:/stm32/ac6/plugins/fr.ac6.mcu.externaltools.arm-none.win32_1.16.0.201807130628/tools/compiler/bin/../lib/gcc/arm-none-eabi/7.2.1/../../../../arm-none-eabi/lib/thumb/v7e-m/fpv4-sp/hard\libc_nano.a
LOAD e:/stm32/ac6/plugins/fr.ac6.mcu.externaltools.arm-none.win32_1.16.0.201807130628/tools/compiler/bin/../lib/gcc/arm-none-eabi/7.2.1/../../../../arm-none-eabi/lib/thumb/v7e-m/fpv4-sp/hard\libnosys.a
END GROUP
START GROUP
LOAD e:/stm32/ac6/plugins/fr.ac6.mcu.externaltools.arm-none.win32_1.16.0.201807130628/tools/compiler/bin/../lib/gcc/arm-none-eabi/7.2.1/thumb/v7e-m/fpv4-sp/hard\libgcc.a
LOAD e:/stm32/ac6/plugins/fr.ac6.mcu.externaltools.arm-none.win32_1.16.0.201807130628/tools/compiler/bin/../lib/gcc/arm-none-eabi/7.2.1/../../../../arm-none-eabi/lib/thumb/v7e-m/fpv4-sp/hard\libc_nano.a
LOAD e:/stm32/ac6/plugins/fr.ac6.mcu.externaltools.arm-none.win32_1.16.0.201807130628/tools/compiler/bin/../lib/gcc/arm-none-eabi/7.2.1/../../../../arm-none-eabi/lib/thumb/v7e-m/fpv4-sp/hard\libnosys.a
END GROUP
LOAD e:/stm32/ac6/plugins/fr.ac6.mcu.externaltools.arm-none.win32_1.16.0.201807130628/tools/compiler/bin/../lib/gcc/arm-none-eabi/7.2.1/thumb/v7e-m/fpv4-sp/hard/crtend.o
LOAD e:/stm32/ac6/plugins/fr.ac6.mcu.externaltools.arm-none.win32_1.16.0.201807130628/tools/compiler/bin/../lib/gcc/arm-none-eabi/7.2.1/thumb/v7e-m/fpv4-sp/hard/crtn.o
                0x20020000                _estack = 0x20020000
                0x00000200                _Min_Heap_Size = 0x200
                0x00000400                _Min_Stack_Size = 0x400

.isr_vector     0x08000000      0x198
                0x08000000                . = ALIGN (0x4)
 *(.isr_vector)
 .isr_vector    0x08000000      0x198 startup/startup_stm32f411xe.o
                0x08000000                g_pfnVectors
                0x08000198                . = ALIGN (0x4)

.text           0x08000198     0x2514
                0x08000198                . = ALIGN (0x4)
 *(.text)
 .text          0x08000198       0x40 e:/stm32/ac6/plugins/fr.ac6.mcu.externaltools.arm-none.win32_1.16.0.201807130628/tools/compiler/bin/../lib/gcc/arm-none-eabi/7.2.1/thumb/v7e-m/fpv4-sp/hard/crtbegin.o
 .text          0x080001d8       0x30 e:/stm32/ac6/plugins/fr.ac6.mcu.externaltools.arm-none.win32_1.16.0.201807130628/tools/compiler/bin/../lib/gcc/arm-none-eabi/7.2.1/thumb/v7e-m/fpv4-sp/hard\libgcc.a(_aeabi_uldivmod.o)
                0x080001d8                __aeabi_uldivmod
 .text          0x08000208      0x2cc e:/stm32/ac6/plugins/fr.ac6.mcu.externaltools.arm-none.win32_1.16.0.201807130628/tools/compiler/bin/../lib/gcc/arm-none-eabi/7.2.1/thumb/v7e-m/fpv4-sp/hard\libgcc.a(_udivmoddi4.o)
                0x08000208                __udivmoddi4
 .text          0x080004d4        0x4 e:/stm32/ac6/plugins/fr.ac6.mcu.externaltools.arm-none.win32_1.16.0.201807130628/tools/compiler/bin/../lib/gcc/arm-none-eabi/7.2.1/thumb/v7e-m/fpv4-sp/hard\libgcc.a(_dvmd_tls.o)
                0x080004d4                __aeabi_idiv0
                0x080004d4                __aeabi_ldiv0
 *(.text*)
 .text.Display_Round_Icon_40x40
                0x080004d8       0x5a Display/display.o
                0x080004d8                Display_Round_Icon_40x40
 .text.Display_Square_Icon_40x40
                0x08000532       0x42 Display/display.o
                0x08000532                Display_Square_Icon_40x40
 .text.Display_Menu
                0x08000574       0xf0 Display/display.o
                0x08000574                Display_Menu
 .text.Display_Text
                0x08000664       0x9c Display/display.o
                0x08000664                Display_Text
 .text.Display_Color_Picture
                0x08000700       0x50 Display/display.o
                0x08000700                Display_Color_Picture
 .text.HAL_InitTick
                0x08000750       0x48 Drivers/STM32F4xx_HAL_Driver/Src/stm32f4xx_hal.o
                0x08000750                HAL_InitTick
 .text.HAL_Init
                0x08000798       0x34 Drivers/STM32F4xx_HAL_Driver/Src/stm32f4xx_hal.o
                0x08000798                HAL_Init
 .text.HAL_IncTick
                0x080007cc       0x18 Drivers/STM32F4xx_HAL_Driver/Src/stm32f4xx_hal.o
                0x080007cc                HAL_IncTick
 .text.HAL_GetTick
                0x080007e4        0xc Drivers/STM32F4xx_HAL_Driver/Src/stm32f4xx_hal.o
                0x080007e4                HAL_GetTick
 .text.HAL_Delay
                0x080007f0       0x28 Drivers/STM32F4xx_HAL_Driver/Src/stm32f4xx_hal.o
                0x080007f0                HAL_Delay
 .text.HAL_NVIC_SetPriorityGrouping
                0x08000818       0x24 Drivers/STM32F4xx_HAL_Driver/Src/stm32f4xx_hal_cortex.o
                0x08000818                HAL_NVIC_SetPriorityGrouping
 .text.HAL_NVIC_SetPriority
                0x0800083c       0x68 Drivers/STM32F4xx_HAL_Driver/Src/stm32f4xx_hal_cortex.o
                0x0800083c                HAL_NVIC_SetPriority
 .text.HAL_SYSTICK_Config
                0x080008a4       0x2c Drivers/STM32F4xx_HAL_Driver/Src/stm32f4xx_hal_cortex.o
                0x080008a4                HAL_SYSTICK_Config
 .text.HAL_SYSTICK_CLKSourceConfig
                0x080008d0       0x20 Drivers/STM32F4xx_HAL_Driver/Src/stm32f4xx_hal_cortex.o
                0x080008d0                HAL_SYSTICK_CLKSourceConfig
 .text.HAL_SYSTICK_Callback
                0x080008f0        0x2 Drivers/STM32F4xx_HAL_Driver/Src/stm32f4xx_hal_cortex.o
                0x080008f0                HAL_SYSTICK_Callback
 .text.HAL_SYSTICK_IRQHandler
                0x080008f2        0x8 Drivers/STM32F4xx_HAL_Driver/Src/stm32f4xx_hal_cortex.o
                0x080008f2                HAL_SYSTICK_IRQHandler
 *fill*         0x080008fa        0x2 
 .text.HAL_GPIO_Init
                0x080008fc      0x1a4 Drivers/STM32F4xx_HAL_Driver/Src/stm32f4xx_hal_gpio.o
                0x080008fc                HAL_GPIO_Init
 .text.HAL_GPIO_ReadPin
                0x08000aa0        0xe Drivers/STM32F4xx_HAL_Driver/Src/stm32f4xx_hal_gpio.o
                0x08000aa0                HAL_GPIO_ReadPin
 .text.HAL_GPIO_WritePin
                0x08000aae        0xc Drivers/STM32F4xx_HAL_Driver/Src/stm32f4xx_hal_gpio.o
                0x08000aae                HAL_GPIO_WritePin
 *fill*         0x08000aba        0x2 
 .text.HAL_RCC_OscConfig
                0x08000abc      0x398 Drivers/STM32F4xx_HAL_Driver/Src/stm32f4xx_hal_rcc.o
                0x08000abc                HAL_RCC_OscConfig
 .text.HAL_RCC_GetSysClockFreq
                0x08000e54       0xd8 Drivers/STM32F4xx_HAL_Driver/Src/stm32f4xx_hal_rcc.o
                0x08000e54                HAL_RCC_GetSysClockFreq
 .text.HAL_RCC_ClockConfig
                0x08000f2c      0x158 Drivers/STM32F4xx_HAL_Driver/Src/stm32f4xx_hal_rcc.o
                0x08000f2c                HAL_RCC_ClockConfig
 .text.HAL_RCC_GetHCLKFreq
                0x08001084        0xc Drivers/STM32F4xx_HAL_Driver/Src/stm32f4xx_hal_rcc.o
                0x08001084                HAL_RCC_GetHCLKFreq
 .text.SPI_WaitFlagStateUntilTimeout
                0x08001090       0x96 Drivers/STM32F4xx_HAL_Driver/Src/stm32f4xx_hal_spi.o
 .text.SPI_CheckFlag_BSY
                0x08001126       0x28 Drivers/STM32F4xx_HAL_Driver/Src/stm32f4xx_hal_spi.o
 .text.HAL_SPI_Init
                0x0800114e       0x80 Drivers/STM32F4xx_HAL_Driver/Src/stm32f4xx_hal_spi.o
                0x0800114e                HAL_SPI_Init
 .text.HAL_SPI_Transmit
                0x080011ce      0x1a6 Drivers/STM32F4xx_HAL_Driver/Src/stm32f4xx_hal_spi.o
                0x080011ce                HAL_SPI_Transmit
 .text.ILI9341_SPI_Init
                0x08001374       0x48 ILI9341/ILI9341_Driver.o
 .text.Before_Sending_Command
                0x080013bc       0x20 ILI9341/ILI9341_Driver.o
 .text.Before_Sending_Data
                0x080013dc       0x20 ILI9341/ILI9341_Driver.o
 .text.ILI9341_SPI_Send
                0x080013fc       0x20 ILI9341/ILI9341_Driver.o
                0x080013fc                ILI9341_SPI_Send
 .text.ILI9341_Send_Command
                0x0800141c       0x10 ILI9341/ILI9341_Driver.o
 .text.ILI9341_Send_Data
                0x0800142c       0x10 ILI9341/ILI9341_Driver.o
 .text.ILI9341_Send_Burst
                0x0800143c      0x120 ILI9341/ILI9341_Driver.o
 .text.ILI9341_Reset
                0x0800155c       0x44 ILI9341/ILI9341_Driver.o
                0x0800155c                ILI9341_Reset
 .text.ILI9341_Init
                0x080015a0      0x204 ILI9341/ILI9341_Driver.o
                0x080015a0                ILI9341_Init
 .text.ILI9341_Set_Rotation
                0x080017a4       0x6c ILI9341/ILI9341_Driver.o
                0x080017a4                ILI9341_Set_Rotation
 .text.ILI9341_SPI_Send_32
                0x08001810       0x50 ILI9341/ILI9341_Driver.o
                0x08001810                ILI9341_SPI_Send_32
 .text.ILI9341_Set_Address
                0x08001860       0x1c ILI9341/ILI9341_Driver.o
                0x08001860                ILI9341_Set_Address
 .text.ILI9341_Draw_Char
                0x0800187c      0x118 ILI9341/ILI9341_Driver.o
 .text.ILI9341_Fill_Screen
                0x08001994       0x2c ILI9341/ILI9341_Driver.o
                0x08001994                ILI9341_Fill_Screen
 .text.ILI9341_Draw_Pixel
                0x080019c0       0x5c ILI9341/ILI9341_Driver.o
                0x080019c0                ILI9341_Draw_Pixel
 .text.ILI9341_Draw_Line
                0x08001a1c       0xa4 ILI9341/ILI9341_Driver.o
                0x08001a1c                ILI9341_Draw_Line
 .text.ILI9341_Draw_Empty_Rectangle
                0x08001ac0       0x46 ILI9341/ILI9341_Driver.o
                0x08001ac0                ILI9341_Draw_Empty_Rectangle
 *fill*         0x08001b06        0x2 
 .text.ILI9341_Draw_Circle
                0x08001b08      0x2b4 ILI9341/ILI9341_Driver.o
                0x08001b08                ILI9341_Draw_Circle
 .text.ILI9341_Draw_String
                0x08001dbc       0xa0 ILI9341/ILI9341_Driver.o
                0x08001dbc                ILI9341_Draw_String
 .text.ILI9341_Draw_Double_Pixel
                0x08001e5c       0x5c ILI9341/ILI9341_Driver.o
                0x08001e5c                ILI9341_Draw_Double_Pixel
 .text.MX_GPIO_Init
                0x08001eb8       0x90 Src/main.o
 .text._Error_Handler
                0x08001f48        0x2 Src/main.o
                0x08001f48                _Error_Handler
 *fill*         0x08001f4a        0x2 
 .text.SystemClock_Config
                0x08001f4c       0xc4 Src/main.o
                0x08001f4c                SystemClock_Config
 .text.main     0x08002010      0x118 Src/main.o
                0x08002010                main
 .text.HAL_MspInit
                0x08002128       0x94 Src/stm32f4xx_hal_msp.o
                0x08002128                HAL_MspInit
 .text.HAL_SPI_MspInit
                0x080021bc       0x50 Src/stm32f4xx_hal_msp.o
                0x080021bc                HAL_SPI_MspInit
 .text.NMI_Handler
                0x0800220c        0x2 Src/stm32f4xx_it.o
                0x0800220c                NMI_Handler
 .text.HardFault_Handler
                0x0800220e        0x2 Src/stm32f4xx_it.o
                0x0800220e                HardFault_Handler
 .text.MemManage_Handler
                0x08002210        0x2 Src/stm32f4xx_it.o
                0x08002210                MemManage_Handler
 .text.BusFault_Handler
                0x08002212        0x2 Src/stm32f4xx_it.o
                0x08002212                BusFault_Handler
 .text.UsageFault_Handler
                0x08002214        0x2 Src/stm32f4xx_it.o
                0x08002214                UsageFault_Handler
 .text.SVC_Handler
                0x08002216        0x2 Src/stm32f4xx_it.o
                0x08002216                SVC_Handler
 .text.DebugMon_Handler
                0x08002218        0x2 Src/stm32f4xx_it.o
                0x08002218                DebugMon_Handler
 .text.PendSV_Handler
                0x0800221a        0x2 Src/stm32f4xx_it.o
                0x0800221a                PendSV_Handler
 .text.SysTick_Handler
                0x0800221c        0xc Src/stm32f4xx_it.o
                0x0800221c                SysTick_Handler
 .text.SystemInit
                0x08002228       0x4c Src/system_stm32f4xx.o
                0x08002228                SystemInit
 .text.TP_Init  0x08002274       0x4c Touch/Touch.o
                0x08002274                TP_Init
 .text.TP_Write_Byte
                0x080022c0       0x58 Touch/Touch.o
                0x080022c0                TP_Write_Byte
 .text.TP_Read_AD
                0x08002318       0xb4 Touch/Touch.o
                0x08002318                TP_Read_AD
 .text.TP_Read_XOY
                0x080023cc       0x98 Touch/Touch.o
                0x080023cc                TP_Read_XOY
 .text.TP_Read_XY
                0x08002464       0x24 Touch/Touch.o
                0x08002464                TP_Read_XY
 .text.TP_Read_XY2
                0x08002488       0x92 Touch/Touch.o
                0x08002488                TP_Read_XY2
 *fill*         0x0800251a        0x2 
 .text.TP_Scan  0x0800251c       0xdc Touch/Touch.o
                0x0800251c                TP_Scan
 .text.Reset_Handler
                0x080025f8       0x50 startup/startup_stm32f411xe.o
                0x080025f8                Reset_Handler
 .text.Default_Handler
                0x08002648        0x2 startup/startup_stm32f411xe.o
                0x08002648                RTC_Alarm_IRQHandler
                0x08002648                EXTI2_IRQHandler
                0x08002648                SPI4_IRQHandler
                0x08002648                TIM1_CC_IRQHandler
                0x08002648                DMA2_Stream5_IRQHandler
                0x08002648                DMA1_Stream5_IRQHandler
                0x08002648                PVD_IRQHandler
                0x08002648                SDIO_IRQHandler
                0x08002648                TAMP_STAMP_IRQHandler
                0x08002648                EXTI3_IRQHandler
                0x08002648                TIM1_UP_TIM10_IRQHandler
                0x08002648                I2C3_ER_IRQHandler
                0x08002648                EXTI0_IRQHandler
                0x08002648                I2C2_EV_IRQHandler
                0x08002648                DMA1_Stream2_IRQHandler
                0x08002648                FPU_IRQHandler
                0x08002648                DMA2_Stream2_IRQHandler
                0x08002648                SPI1_IRQHandler
                0x08002648                TIM1_BRK_TIM9_IRQHandler
                0x08002648                DMA2_Stream3_IRQHandler
                0x08002648                USART6_IRQHandler
                0x08002648                DMA2_Stream0_IRQHandler
                0x08002648                TIM4_IRQHandler
                0x08002648                I2C1_EV_IRQHandler
                0x08002648                DMA1_Stream6_IRQHandler
                0x08002648                DMA1_Stream1_IRQHandler
                0x08002648                TIM3_IRQHandler
                0x08002648                RCC_IRQHandler
                0x08002648                Default_Handler
                0x08002648                EXTI15_10_IRQHandler
                0x08002648                ADC_IRQHandler
                0x08002648                DMA1_Stream7_IRQHandler
                0x08002648                SPI5_IRQHandler
                0x08002648                TIM5_IRQHandler
                0x08002648                DMA2_Stream7_IRQHandler
                0x08002648                I2C3_EV_IRQHandler
                0x08002648                EXTI9_5_IRQHandler
                0x08002648                RTC_WKUP_IRQHandler
                0x08002648                SPI2_IRQHandler
                0x08002648                DMA1_Stream0_IRQHandler
                0x08002648                EXTI4_IRQHandler
                0x08002648                WWDG_IRQHandler
                0x08002648                TIM2_IRQHandler
                0x08002648                OTG_FS_WKUP_IRQHandler
                0x08002648                TIM1_TRG_COM_TIM11_IRQHandler
                0x08002648                EXTI1_IRQHandler
                0x08002648                USART2_IRQHandler
                0x08002648                I2C2_ER_IRQHandler
                0x08002648                DMA2_Stream1_IRQHandler
                0x08002648                FLASH_IRQHandler
                0x08002648                DMA2_Stream4_IRQHandler
                0x08002648                USART1_IRQHandler
                0x08002648                OTG_FS_IRQHandler
                0x08002648                SPI3_IRQHandler
                0x08002648                DMA1_Stream4_IRQHandler
                0x08002648                I2C1_ER_IRQHandler
                0x08002648                DMA2_Stream6_IRQHandler
                0x08002648                DMA1_Stream3_IRQHandler
 *fill*         0x0800264a        0x2 
 .text.__libc_init_array
                0x0800264c       0x48 e:/stm32/ac6/plugins/fr.ac6.mcu.externaltools.arm-none.win32_1.16.0.201807130628/tools/compiler/bin/../lib/gcc/arm-none-eabi/7.2.1/../../../../arm-none-eabi/lib/thumb/v7e-m/fpv4-sp/hard\libc_nano.a(lib_a-init.o)
                0x0800264c                __libc_init_array
 *(.glue_7)
 .glue_7        0x08002694        0x0 linker stubs
 *(.glue_7t)
 .glue_7t       0x08002694        0x0 linker stubs
 *(.eh_frame)
 .eh_frame      0x08002694        0x0 e:/stm32/ac6/plugins/fr.ac6.mcu.externaltools.arm-none.win32_1.16.0.201807130628/tools/compiler/bin/../lib/gcc/arm-none-eabi/7.2.1/thumb/v7e-m/fpv4-sp/hard/crtbegin.o
 *(.init)
 .init          0x08002694        0x4 e:/stm32/ac6/plugins/fr.ac6.mcu.externaltools.arm-none.win32_1.16.0.201807130628/tools/compiler/bin/../lib/gcc/arm-none-eabi/7.2.1/thumb/v7e-m/fpv4-sp/hard/crti.o
                0x08002694                _init
 .init          0x08002698        0x8 e:/stm32/ac6/plugins/fr.ac6.mcu.externaltools.arm-none.win32_1.16.0.201807130628/tools/compiler/bin/../lib/gcc/arm-none-eabi/7.2.1/thumb/v7e-m/fpv4-sp/hard/crtn.o
 *(.fini)
 .fini          0x080026a0        0x4 e:/stm32/ac6/plugins/fr.ac6.mcu.externaltools.arm-none.win32_1.16.0.201807130628/tools/compiler/bin/../lib/gcc/arm-none-eabi/7.2.1/thumb/v7e-m/fpv4-sp/hard/crti.o
                0x080026a0                _fini
 .fini          0x080026a4        0x8 e:/stm32/ac6/plugins/fr.ac6.mcu.externaltools.arm-none.win32_1.16.0.201807130628/tools/compiler/bin/../lib/gcc/arm-none-eabi/7.2.1/thumb/v7e-m/fpv4-sp/hard/crtn.o
                0x080026ac                . = ALIGN (0x4)
                0x080026ac                _etext = .

.vfp11_veneer   0x080026ac        0x0
 .vfp11_veneer  0x080026ac        0x0 linker stubs

.v4_bx          0x080026ac        0x0
 .v4_bx         0x080026ac        0x0 linker stubs

.iplt           0x080026ac        0x0
 .iplt          0x080026ac        0x0 e:/stm32/ac6/plugins/fr.ac6.mcu.externaltools.arm-none.win32_1.16.0.201807130628/tools/compiler/bin/../lib/gcc/arm-none-eabi/7.2.1/thumb/v7e-m/fpv4-sp/hard/crtbegin.o

.rodata         0x080026ac    0x3b62c
                0x080026ac                . = ALIGN (0x4)
 *(.rodata)
 .rodata        0x080026ac    0x3aca0 Display/display.o
                0x080026ac                battery_icon
                0x080029cc                ironman
                0x0802e5cc                back_icon_40x40
                0x0802fecc                image_icon_40x40
                0x080317cc                facebook_icon_40x40
                0x080330cc                game_icon_40x40
                0x080349cc                note_icon_40x40
                0x080362cc                music_icon_40x40
                0x08037bcc                home_icon_20x20
                0x0803820c                home_icon_40x40
                0x08039b0c                home_icon_60x60
 .rodata        0x0803d34c      0x8c8 ILI9341/ILI9341_Driver.o
 .rodata        0x0803dc14       0x18 Src/system_stm32f4xx.o
                0x0803dc14                AHBPrescTable
                0x0803dc24                APBPrescTable
 *(.rodata*)
 .rodata.str1.4
                0x0803dc2c       0x7e Display/display.o
 *fill*         0x0803dcaa        0x2 
 .rodata.str1.4
                0x0803dcac       0x1c ILI9341/ILI9341_Driver.o
 .rodata.str1.4
                0x0803dcc8       0x10 Src/main.o
                                  0xe (size before relaxing)
                0x0803dcd8                . = ALIGN (0x4)

.ARM.extab
 *(.ARM.extab* .gnu.linkonce.armextab.*)

.ARM            0x0803dcd8        0x8
                0x0803dcd8                __exidx_start = .
 *(.ARM.exidx*)
 .ARM.exidx     0x0803dcd8        0x8 e:/stm32/ac6/plugins/fr.ac6.mcu.externaltools.arm-none.win32_1.16.0.201807130628/tools/compiler/bin/../lib/gcc/arm-none-eabi/7.2.1/thumb/v7e-m/fpv4-sp/hard\libgcc.a(_udivmoddi4.o)
                0x0803dce0                __exidx_end = .

.rel.dyn        0x0803dce0        0x0
 .rel.iplt      0x0803dce0        0x0 e:/stm32/ac6/plugins/fr.ac6.mcu.externaltools.arm-none.win32_1.16.0.201807130628/tools/compiler/bin/../lib/gcc/arm-none-eabi/7.2.1/thumb/v7e-m/fpv4-sp/hard/crtbegin.o

.preinit_array  0x0803dce0        0x0
                0x0803dce0                PROVIDE (__preinit_array_start, .)
 *(.preinit_array*)
                0x0803dce0                PROVIDE (__preinit_array_end, .)

.init_array     0x0803dce0        0x4
                0x0803dce0                PROVIDE (__init_array_start, .)
 *(SORT_BY_NAME(.init_array.*))
 *(.init_array*)
 .init_array    0x0803dce0        0x4 e:/stm32/ac6/plugins/fr.ac6.mcu.externaltools.arm-none.win32_1.16.0.201807130628/tools/compiler/bin/../lib/gcc/arm-none-eabi/7.2.1/thumb/v7e-m/fpv4-sp/hard/crtbegin.o
                0x0803dce4                PROVIDE (__init_array_end, .)

.fini_array     0x0803dce4        0x4
                [!provide]                PROVIDE (__fini_array_start, .)
 *(SORT_BY_NAME(.fini_array.*))
 *(.fini_array*)
 .fini_array    0x0803dce4        0x4 e:/stm32/ac6/plugins/fr.ac6.mcu.externaltools.arm-none.win32_1.16.0.201807130628/tools/compiler/bin/../lib/gcc/arm-none-eabi/7.2.1/thumb/v7e-m/fpv4-sp/hard/crtbegin.o
                [!provide]                PROVIDE (__fini_array_end, .)
                0x0803dce8                _sidata = LOADADDR (.data)

.data           0x20000000       0x40 load address 0x0803dce8
                0x20000000                . = ALIGN (0x4)
                0x20000000                _sdata = .
 *(.data)
 .data          0x20000000        0x8 Drivers/STM32F4xx_HAL_Driver/Src/stm32f4xx_hal.o
                0x20000000                uwTickFreq
                0x20000004                uwTickPrio
 .data          0x20000008        0x8 ILI9341/ILI9341_Driver.o
 .data          0x20000010        0x4 Src/system_stm32f4xx.o
                0x20000010                SystemCoreClock
 .data          0x20000014       0x2a Touch/Touch.o
                0x20000014                CMD_RDX
                0x20000015                CMD_RDY
                0x20000018                tp_dev
                0x2000003c                BACK_COLOR
 *(.data*)
                0x20000040                . = ALIGN (0x4)
 *fill*         0x2000003e        0x2 
                0x20000040                _edata = .

.igot.plt       0x20000040        0x0 load address 0x0803dd28
 .igot.plt      0x20000040        0x0 e:/stm32/ac6/plugins/fr.ac6.mcu.externaltools.arm-none.win32_1.16.0.201807130628/tools/compiler/bin/../lib/gcc/arm-none-eabi/7.2.1/thumb/v7e-m/fpv4-sp/hard/crtbegin.o
                0x20000040                . = ALIGN (0x4)

.bss            0x20000040       0x80 load address 0x0803dd28
                0x20000040                _sbss = .
                0x20000040                __bss_start__ = _sbss
 *(.bss)
 .bss           0x20000040       0x1c e:/stm32/ac6/plugins/fr.ac6.mcu.externaltools.arm-none.win32_1.16.0.201807130628/tools/compiler/bin/../lib/gcc/arm-none-eabi/7.2.1/thumb/v7e-m/fpv4-sp/hard/crtbegin.o
 .bss           0x2000005c       0x58 ILI9341/ILI9341_Driver.o
 .bss           0x200000b4        0x1 Src/main.o
                0x200000b4                state
 *(.bss*)
 *(COMMON)
 *fill*         0x200000b5        0x3 
 COMMON         0x200000b8        0x4 Drivers/STM32F4xx_HAL_Driver/Src/stm32f4xx_hal.o
                0x200000b8                uwTick
 COMMON         0x200000bc        0x1 ILI9341/ILI9341_Driver.o
                0x200000bc                hh
                0x200000c0                . = ALIGN (0x4)
 *fill*         0x200000bd        0x3 
                0x200000c0                _ebss = .
                0x200000c0                __bss_end__ = _ebss

._user_heap_stack
                0x200000c0      0x600 load address 0x0803dd28
                0x200000c0                . = ALIGN (0x8)
                [!provide]                PROVIDE (end, .)
                [!provide]                PROVIDE (_end, .)
                0x200002c0                . = (. + _Min_Heap_Size)
 *fill*         0x200000c0      0x200 
                0x200006c0                . = (. + _Min_Stack_Size)
 *fill*         0x200002c0      0x400 
                0x200006c0                . = ALIGN (0x8)

/DISCARD/
 libc.a(*)
 libm.a(*)
 libgcc.a(*)

.ARM.attributes
                0x00000000       0x30
 *(.ARM.attributes)
 .ARM.attributes
                0x00000000       0x22 e:/stm32/ac6/plugins/fr.ac6.mcu.externaltools.arm-none.win32_1.16.0.201807130628/tools/compiler/bin/../lib/gcc/arm-none-eabi/7.2.1/thumb/v7e-m/fpv4-sp/hard/crti.o
 .ARM.attributes
                0x00000022       0x34 e:/stm32/ac6/plugins/fr.ac6.mcu.externaltools.arm-none.win32_1.16.0.201807130628/tools/compiler/bin/../lib/gcc/arm-none-eabi/7.2.1/thumb/v7e-m/fpv4-sp/hard/crtbegin.o
 .ARM.attributes
                0x00000056       0x39 Display/display.o
 .ARM.attributes
                0x0000008f       0x39 Drivers/STM32F4xx_HAL_Driver/Src/stm32f4xx_hal.o
 .ARM.attributes
                0x000000c8       0x39 Drivers/STM32F4xx_HAL_Driver/Src/stm32f4xx_hal_cortex.o
 .ARM.attributes
                0x00000101       0x39 Drivers/STM32F4xx_HAL_Driver/Src/stm32f4xx_hal_gpio.o
 .ARM.attributes
                0x0000013a       0x39 Drivers/STM32F4xx_HAL_Driver/Src/stm32f4xx_hal_rcc.o
 .ARM.attributes
                0x00000173       0x39 Drivers/STM32F4xx_HAL_Driver/Src/stm32f4xx_hal_spi.o
 .ARM.attributes
                0x000001ac       0x39 ILI9341/ILI9341_Driver.o
 .ARM.attributes
                0x000001e5       0x39 Src/main.o
 .ARM.attributes
                0x0000021e       0x39 Src/stm32f4xx_hal_msp.o
 .ARM.attributes
                0x00000257       0x39 Src/stm32f4xx_it.o
 .ARM.attributes
                0x00000290       0x39 Src/system_stm32f4xx.o
 .ARM.attributes
                0x000002c9       0x39 Touch/Touch.o
 .ARM.attributes
                0x00000302       0x21 startup/startup_stm32f411xe.o
 .ARM.attributes
                0x00000323       0x22 e:/stm32/ac6/plugins/fr.ac6.mcu.externaltools.arm-none.win32_1.16.0.201807130628/tools/compiler/bin/../lib/gcc/arm-none-eabi/7.2.1/thumb/v7e-m/fpv4-sp/hard\libgcc.a(_aeabi_uldivmod.o)
 .ARM.attributes
                0x00000345       0x34 e:/stm32/ac6/plugins/fr.ac6.mcu.externaltools.arm-none.win32_1.16.0.201807130628/tools/compiler/bin/../lib/gcc/arm-none-eabi/7.2.1/thumb/v7e-m/fpv4-sp/hard\libgcc.a(_udivmoddi4.o)
 .ARM.attributes
                0x00000379       0x22 e:/stm32/ac6/plugins/fr.ac6.mcu.externaltools.arm-none.win32_1.16.0.201807130628/tools/compiler/bin/../lib/gcc/arm-none-eabi/7.2.1/thumb/v7e-m/fpv4-sp/hard\libgcc.a(_dvmd_tls.o)
 .ARM.attributes
                0x0000039b       0x34 e:/stm32/ac6/plugins/fr.ac6.mcu.externaltools.arm-none.win32_1.16.0.201807130628/tools/compiler/bin/../lib/gcc/arm-none-eabi/7.2.1/../../../../arm-none-eabi/lib/thumb/v7e-m/fpv4-sp/hard\libc_nano.a(lib_a-init.o)
 .ARM.attributes
                0x000003cf       0x22 e:/stm32/ac6/plugins/fr.ac6.mcu.externaltools.arm-none.win32_1.16.0.201807130628/tools/compiler/bin/../lib/gcc/arm-none-eabi/7.2.1/thumb/v7e-m/fpv4-sp/hard/crtn.o
OUTPUT(TFTLCD.elf elf32-littlearm)

.debug_info     0x00000000    0x10b59
 .debug_info    0x00000000     0x11ce Display/display.o
 .debug_info    0x000011ce     0x116d Drivers/STM32F4xx_HAL_Driver/Src/stm32f4xx_hal.o
 .debug_info    0x0000233b     0x16c5 Drivers/STM32F4xx_HAL_Driver/Src/stm32f4xx_hal_cortex.o
 .debug_info    0x00003a00      0xfbb Drivers/STM32F4xx_HAL_Driver/Src/stm32f4xx_hal_gpio.o
 .debug_info    0x000049bb     0x1285 Drivers/STM32F4xx_HAL_Driver/Src/stm32f4xx_hal_rcc.o
 .debug_info    0x00005c40     0x21ff Drivers/STM32F4xx_HAL_Driver/Src/stm32f4xx_hal_spi.o
 .debug_info    0x00007e3f     0x341c ILI9341/ILI9341_Driver.o
 .debug_info    0x0000b25b     0x1969 Src/main.o
 .debug_info    0x0000cbc4     0x1700 Src/stm32f4xx_hal_msp.o
 .debug_info    0x0000e2c4      0xa03 Src/stm32f4xx_it.o
 .debug_info    0x0000ecc7      0xd53 Src/system_stm32f4xx.o
 .debug_info    0x0000fa1a     0x111d Touch/Touch.o
 .debug_info    0x00010b37       0x22 startup/startup_stm32f411xe.o

.debug_abbrev   0x00000000     0x218a
 .debug_abbrev  0x00000000      0x28b Display/display.o
 .debug_abbrev  0x0000028b      0x2e5 Drivers/STM32F4xx_HAL_Driver/Src/stm32f4xx_hal.o
 .debug_abbrev  0x00000570      0x3d6 Drivers/STM32F4xx_HAL_Driver/Src/stm32f4xx_hal_cortex.o
 .debug_abbrev  0x00000946      0x2a7 Drivers/STM32F4xx_HAL_Driver/Src/stm32f4xx_hal_gpio.o
 .debug_abbrev  0x00000bed      0x333 Drivers/STM32F4xx_HAL_Driver/Src/stm32f4xx_hal_rcc.o
 .debug_abbrev  0x00000f20      0x2f2 Drivers/STM32F4xx_HAL_Driver/Src/stm32f4xx_hal_spi.o
 .debug_abbrev  0x00001212      0x359 ILI9341/ILI9341_Driver.o
 .debug_abbrev  0x0000156b      0x2da Src/main.o
 .debug_abbrev  0x00001845      0x254 Src/stm32f4xx_hal_msp.o
 .debug_abbrev  0x00001a99      0x1f8 Src/stm32f4xx_it.o
 .debug_abbrev  0x00001c91      0x205 Src/system_stm32f4xx.o
 .debug_abbrev  0x00001e96      0x2e2 Touch/Touch.o
 .debug_abbrev  0x00002178       0x12 startup/startup_stm32f411xe.o

.debug_loc      0x00000000     0x3e98
 .debug_loc     0x00000000      0x2cb Display/display.o
 .debug_loc     0x000002cb       0xfd Drivers/STM32F4xx_HAL_Driver/Src/stm32f4xx_hal.o
 .debug_loc     0x000003c8      0x5ce Drivers/STM32F4xx_HAL_Driver/Src/stm32f4xx_hal_cortex.o
 .debug_loc     0x00000996      0x469 Drivers/STM32F4xx_HAL_Driver/Src/stm32f4xx_hal_gpio.o
 .debug_loc     0x00000dff      0x3f1 Drivers/STM32F4xx_HAL_Driver/Src/stm32f4xx_hal_rcc.o
 .debug_loc     0x000011f0     0x1937 Drivers/STM32F4xx_HAL_Driver/Src/stm32f4xx_hal_spi.o
 .debug_loc     0x00002b27      0xe33 ILI9341/ILI9341_Driver.o
 .debug_loc     0x0000395a       0x52 Src/main.o
 .debug_loc     0x000039ac       0xb6 Src/stm32f4xx_hal_msp.o
 .debug_loc     0x00003a62      0x13e Src/system_stm32f4xx.o
 .debug_loc     0x00003ba0      0x2f8 Touch/Touch.o

.debug_aranges  0x00000000      0x6b8
 .debug_aranges
                0x00000000       0x48 Display/display.o
 .debug_aranges
                0x00000048       0xe0 Drivers/STM32F4xx_HAL_Driver/Src/stm32f4xx_hal.o
 .debug_aranges
                0x00000128       0xa8 Drivers/STM32F4xx_HAL_Driver/Src/stm32f4xx_hal_cortex.o
 .debug_aranges
                0x000001d0       0x58 Drivers/STM32F4xx_HAL_Driver/Src/stm32f4xx_hal_gpio.o
 .debug_aranges
                0x00000228       0x88 Drivers/STM32F4xx_HAL_Driver/Src/stm32f4xx_hal_rcc.o
 .debug_aranges
                0x000002b0      0x1c8 Drivers/STM32F4xx_HAL_Driver/Src/stm32f4xx_hal_spi.o
 .debug_aranges
                0x00000478       0xc8 ILI9341/ILI9341_Driver.o
 .debug_aranges
                0x00000540       0x38 Src/main.o
 .debug_aranges
                0x00000578       0x40 Src/stm32f4xx_hal_msp.o
 .debug_aranges
                0x000005b8       0x60 Src/stm32f4xx_it.o
 .debug_aranges
                0x00000618       0x28 Src/system_stm32f4xx.o
 .debug_aranges
                0x00000640       0x50 Touch/Touch.o
 .debug_aranges
                0x00000690       0x28 startup/startup_stm32f411xe.o

.debug_ranges   0x00000000      0x788
 .debug_ranges  0x00000000      0x110 Display/display.o
 .debug_ranges  0x00000110       0xd0 Drivers/STM32F4xx_HAL_Driver/Src/stm32f4xx_hal.o
 .debug_ranges  0x000001e0       0xf8 Drivers/STM32F4xx_HAL_Driver/Src/stm32f4xx_hal_cortex.o
 .debug_ranges  0x000002d8       0x48 Drivers/STM32F4xx_HAL_Driver/Src/stm32f4xx_hal_gpio.o
 .debug_ranges  0x00000320       0x90 Drivers/STM32F4xx_HAL_Driver/Src/stm32f4xx_hal_rcc.o
 .debug_ranges  0x000003b0      0x1b8 Drivers/STM32F4xx_HAL_Driver/Src/stm32f4xx_hal_spi.o
 .debug_ranges  0x00000568      0x100 ILI9341/ILI9341_Driver.o
 .debug_ranges  0x00000668       0x28 Src/main.o
 .debug_ranges  0x00000690       0x30 Src/stm32f4xx_hal_msp.o
 .debug_ranges  0x000006c0       0x50 Src/stm32f4xx_it.o
 .debug_ranges  0x00000710       0x18 Src/system_stm32f4xx.o
 .debug_ranges  0x00000728       0x40 Touch/Touch.o
 .debug_ranges  0x00000768       0x20 startup/startup_stm32f411xe.o

.debug_macro    0x00000000    0x16985
 .debug_macro   0x00000000      0x3c3 Display/display.o
 .debug_macro   0x000003c3      0xa60 Display/display.o
 .debug_macro   0x00000e23       0xac Display/display.o
 .debug_macro   0x00000ecf      0x180 Display/display.o
 .debug_macro   0x0000104f       0x32 Display/display.o
 .debug_macro   0x00001081       0x28 Display/display.o
 .debug_macro   0x000010a9       0x22 Display/display.o
 .debug_macro   0x000010cb       0x87 Display/display.o
 .debug_macro   0x00001152       0x51 Display/display.o
 .debug_macro   0x000011a3       0xef Display/display.o
 .debug_macro   0x00001292       0x6a Display/display.o
 .debug_macro   0x000012fc      0x1df Display/display.o
 .debug_macro   0x000014db       0x35 Display/display.o
 .debug_macro   0x00001510       0x50 Display/display.o
 .debug_macro   0x00001560      0xe66 Display/display.o
 .debug_macro   0x000023c6     0xb803 Display/display.o
 .debug_macro   0x0000dbc9       0x43 Display/display.o
 .debug_macro   0x0000dc0c     0x3535 Display/display.o
 .debug_macro   0x00011141       0x58 Display/display.o
 .debug_macro   0x00011199       0x17 Display/display.o
 .debug_macro   0x000111b0       0x35 Display/display.o
 .debug_macro   0x000111e5       0x9c Display/display.o
 .debug_macro   0x00011281       0x16 Display/display.o
 .debug_macro   0x00011297       0x97 Display/display.o
 .debug_macro   0x0001132e      0x330 Display/display.o
 .debug_macro   0x0001165e       0xfd Display/display.o
 .debug_macro   0x0001175b       0x10 Display/display.o
 .debug_macro   0x0001176b       0x58 Display/display.o
 .debug_macro   0x000117c3       0x1f Display/display.o
 .debug_macro   0x000117e2       0x43 Display/display.o
 .debug_macro   0x00011825       0x20 Display/display.o
 .debug_macro   0x00011845      0x18e Display/display.o
 .debug_macro   0x000119d3       0x10 Display/display.o
 .debug_macro   0x000119e3       0x1c Display/display.o
 .debug_macro   0x000119ff       0x52 Display/display.o
 .debug_macro   0x00011a51       0x40 Display/display.o
 .debug_macro   0x00011a91       0x10 Display/display.o
 .debug_macro   0x00011aa1       0x40 Display/display.o
 .debug_macro   0x00011ae1       0xd7 Display/display.o
 .debug_macro   0x00011bb8       0x1c Display/display.o
 .debug_macro   0x00011bd4       0x3d Display/display.o
 .debug_macro   0x00011c11       0x16 Display/display.o
 .debug_macro   0x00011c27      0x16f Display/display.o
 .debug_macro   0x00011d96       0x50 Display/display.o
 .debug_macro   0x00011de6      0x447 Display/display.o
 .debug_macro   0x0001222d      0xa02 Display/display.o
 .debug_macro   0x00012c2f      0x11e Display/display.o
 .debug_macro   0x00012d4d      0x11b Display/display.o
 .debug_macro   0x00012e68       0x27 Display/display.o
 .debug_macro   0x00012e8f      0x287 Display/display.o
 .debug_macro   0x00013116       0x5f Display/display.o
 .debug_macro   0x00013175      0x23a Display/display.o
 .debug_macro   0x000133af      0x13a Display/display.o
 .debug_macro   0x000134e9      0x264 Display/display.o
 .debug_macro   0x0001374d       0x2e Display/display.o
 .debug_macro   0x0001377b      0x11e Display/display.o
 .debug_macro   0x00013899       0x85 Display/display.o
 .debug_macro   0x0001391e       0x89 Display/display.o
 .debug_macro   0x000139a7      0x202 Display/display.o
 .debug_macro   0x00013ba9      0x287 Display/display.o
 .debug_macro   0x00013e30      0x12d Display/display.o
 .debug_macro   0x00013f5d       0x16 Display/display.o
 .debug_macro   0x00013f73       0x35 Display/display.o
 .debug_macro   0x00013fa8       0x16 Display/display.o
 .debug_macro   0x00013fbe       0x29 Display/display.o
 .debug_macro   0x00013fe7       0xa6 Display/display.o
 .debug_macro   0x0001408d       0x10 Display/display.o
 .debug_macro   0x0001409d      0x377 Drivers/STM32F4xx_HAL_Driver/Src/stm32f4xx_hal.o
 .debug_macro   0x00014414      0x317 Drivers/STM32F4xx_HAL_Driver/Src/stm32f4xx_hal_cortex.o
 .debug_macro   0x0001472b      0x34f Drivers/STM32F4xx_HAL_Driver/Src/stm32f4xx_hal_gpio.o
 .debug_macro   0x00014a7a      0x33b Drivers/STM32F4xx_HAL_Driver/Src/stm32f4xx_hal_rcc.o
 .debug_macro   0x00014db5      0x31f Drivers/STM32F4xx_HAL_Driver/Src/stm32f4xx_hal_spi.o
 .debug_macro   0x000150d4      0x35c ILI9341/ILI9341_Driver.o
 .debug_macro   0x00015430      0x378 Src/main.o
 .debug_macro   0x000157a8      0x1e1 Src/main.o
 .debug_macro   0x00015989       0x4c Src/main.o
 .debug_macro   0x000159d5      0x317 Src/stm32f4xx_hal_msp.o
 .debug_macro   0x00015cec      0x321 Src/stm32f4xx_it.o
 .debug_macro   0x0001600d      0x31d Src/system_stm32f4xx.o
 .debug_macro   0x0001632a      0x36e Touch/Touch.o
 .debug_macro   0x00016698       0x52 Touch/Touch.o
 .debug_macro   0x000166ea       0x8d Touch/Touch.o
 .debug_macro   0x00016777      0x10e Touch/Touch.o
 .debug_macro   0x00016885       0x8d Touch/Touch.o
 .debug_macro   0x00016912       0x57 Touch/Touch.o
 .debug_macro   0x00016969       0x1c Touch/Touch.o

.debug_line     0x00000000     0x7583
 .debug_line    0x00000000      0xa0a Display/display.o
 .debug_line    0x00000a0a      0x939 Drivers/STM32F4xx_HAL_Driver/Src/stm32f4xx_hal.o
 .debug_line    0x00001343      0x994 Drivers/STM32F4xx_HAL_Driver/Src/stm32f4xx_hal_cortex.o
 .debug_line    0x00001cd7      0x8be Drivers/STM32F4xx_HAL_Driver/Src/stm32f4xx_hal_gpio.o
 .debug_line    0x00002595      0x9d0 Drivers/STM32F4xx_HAL_Driver/Src/stm32f4xx_hal_rcc.o
 .debug_line    0x00002f65     0x114c Drivers/STM32F4xx_HAL_Driver/Src/stm32f4xx_hal_spi.o
 .debug_line    0x000040b1      0xbbc ILI9341/ILI9341_Driver.o
 .debug_line    0x00004c6d      0x8b2 Src/main.o
 .debug_line    0x0000551f      0x7c0 Src/stm32f4xx_hal_msp.o
 .debug_line    0x00005cdf      0x7df Src/stm32f4xx_it.o
 .debug_line    0x000064be      0x780 Src/system_stm32f4xx.o
 .debug_line    0x00006c3e      0x8c6 Touch/Touch.o
 .debug_line    0x00007504       0x7f startup/startup_stm32f411xe.o

.debug_str      0x00000000    0x82cf3
 .debug_str     0x00000000    0x7feb3 Display/display.o
                              0x801a3 (size before relaxing)
 .debug_str     0x0007feb3      0xae7 Drivers/STM32F4xx_HAL_Driver/Src/stm32f4xx_hal.o
                              0x80798 (size before relaxing)
 .debug_str     0x0008099a      0x3ae Drivers/STM32F4xx_HAL_Driver/Src/stm32f4xx_hal_cortex.o
                              0x804c8 (size before relaxing)
 .debug_str     0x00080d48      0x222 Drivers/STM32F4xx_HAL_Driver/Src/stm32f4xx_hal_gpio.o
                              0x7ffc5 (size before relaxing)
 .debug_str     0x00080f6a      0x379 Drivers/STM32F4xx_HAL_Driver/Src/stm32f4xx_hal_rcc.o
                              0x8018f (size before relaxing)
 .debug_str     0x000812e3      0x919 Drivers/STM32F4xx_HAL_Driver/Src/stm32f4xx_hal_spi.o
                              0x80599 (size before relaxing)
 .debug_str     0x00081bfc      0x1f0 ILI9341/ILI9341_Driver.o
                              0x8069f (size before relaxing)
 .debug_str     0x00081dec      0xba2 Src/main.o
                              0x816db (size before relaxing)
 .debug_str     0x0008298e      0x18e Src/stm32f4xx_hal_msp.o
                              0x80700 (size before relaxing)
 .debug_str     0x00082b1c       0xb8 Src/stm32f4xx_it.o
                              0x7fc8f (size before relaxing)
 .debug_str     0x00082bd4       0x5a Src/system_stm32f4xx.o
                              0x7fd81 (size before relaxing)
 .debug_str     0x00082c2e       0x95 Touch/Touch.o
                              0x809f4 (size before relaxing)
 .debug_str     0x00082cc3       0x30 startup/startup_stm32f411xe.o
                                 0x57 (size before relaxing)

.comment        0x00000000       0x7e
 .comment       0x00000000       0x7e Display/display.o
                                 0x7f (size before relaxing)
 .comment       0x0000007e       0x7f Drivers/STM32F4xx_HAL_Driver/Src/stm32f4xx_hal.o
 .comment       0x0000007e       0x7f Drivers/STM32F4xx_HAL_Driver/Src/stm32f4xx_hal_cortex.o
 .comment       0x0000007e       0x7f Drivers/STM32F4xx_HAL_Driver/Src/stm32f4xx_hal_gpio.o
 .comment       0x0000007e       0x7f Drivers/STM32F4xx_HAL_Driver/Src/stm32f4xx_hal_rcc.o
 .comment       0x0000007e       0x7f Drivers/STM32F4xx_HAL_Driver/Src/stm32f4xx_hal_spi.o
 .comment       0x0000007e       0x7f ILI9341/ILI9341_Driver.o
 .comment       0x0000007e       0x7f Src/main.o
 .comment       0x0000007e       0x7f Src/stm32f4xx_hal_msp.o
 .comment       0x0000007e       0x7f Src/stm32f4xx_it.o
 .comment       0x0000007e       0x7f Src/system_stm32f4xx.o
 .comment       0x0000007e       0x7f Touch/Touch.o

.debug_frame    0x00000000     0x11dc
 .debug_frame   0x00000000       0xe0 Display/display.o
 .debug_frame   0x000000e0      0x1cc Drivers/STM32F4xx_HAL_Driver/Src/stm32f4xx_hal.o
 .debug_frame   0x000002ac      0x15c Drivers/STM32F4xx_HAL_Driver/Src/stm32f4xx_hal_cortex.o
 .debug_frame   0x00000408       0xd8 Drivers/STM32F4xx_HAL_Driver/Src/stm32f4xx_hal_gpio.o
 .debug_frame   0x000004e0      0x184 Drivers/STM32F4xx_HAL_Driver/Src/stm32f4xx_hal_rcc.o
 .debug_frame   0x00000664      0x55c Drivers/STM32F4xx_HAL_Driver/Src/stm32f4xx_hal_spi.o
 .debug_frame   0x00000bc0      0x2c0 ILI9341/ILI9341_Driver.o
 .debug_frame   0x00000e80       0x78 Src/main.o
 .debug_frame   0x00000ef8       0x98 Src/stm32f4xx_hal_msp.o
 .debug_frame   0x00000f90       0xa8 Src/stm32f4xx_it.o
 .debug_frame   0x00001038       0x30 Src/system_stm32f4xx.o
 .debug_frame   0x00001068       0xe8 Touch/Touch.o
 .debug_frame   0x00001150       0x2c e:/stm32/ac6/plugins/fr.ac6.mcu.externaltools.arm-none.win32_1.16.0.201807130628/tools/compiler/bin/../lib/gcc/arm-none-eabi/7.2.1/thumb/v7e-m/fpv4-sp/hard\libgcc.a(_aeabi_uldivmod.o)
 .debug_frame   0x0000117c       0x34 e:/stm32/ac6/plugins/fr.ac6.mcu.externaltools.arm-none.win32_1.16.0.201807130628/tools/compiler/bin/../lib/gcc/arm-none-eabi/7.2.1/thumb/v7e-m/fpv4-sp/hard\libgcc.a(_udivmoddi4.o)
 .debug_frame   0x000011b0       0x2c e:/stm32/ac6/plugins/fr.ac6.mcu.externaltools.arm-none.win32_1.16.0.201807130628/tools/compiler/bin/../lib/gcc/arm-none-eabi/7.2.1/../../../../arm-none-eabi/lib/thumb/v7e-m/fpv4-sp/hard\libc_nano.a(lib_a-init.o)
